
Server arguments:
  --memory-size 1073741824
  --shared-postfix 4422644b660968779b78d57b56671add
  --working-directory Library/DataStore
  --silent-console
  --shutdown-grace 0
  --client-process-check 0
  --uds-log-file C:/Users/kvdgs/Ostatni_Peron/Logs/UDS-Service.log
  --debug-log 2
  -name
  Unity.DataStore

Initialising UDS system complete:
  - System type: Service
  - Resource namespace: 4422644b660968779b78d57b56671add
  - Shared memory size: 1073741824
  - Command buffer id: 1052576
  - Command buffer size: 8192
  - Hashmap size: 4194304
Starting Unity Data Store Application
[Error] Failed to free block of size 4451 - size delta was 45!
0x00007ff74e63ac75 (Unity.DataStore) uds_wait_handle_complete
0x00007ff74e5ff835 (Unity.DataStore) uds_cleanup
0x00007ff74e628578 (Unity.DataStore) uds_wait_handle_complete
0x00007ff74e61995b (Unity.DataStore) udebug_set_file_logging_level
0x00007ff74e601e4a (Unity.DataStore) uds_cleanup
0x00007ff74e5d25f4 (Unity.DataStore) 
0x00007ff74e5f207a (Unity.DataStore) uds_cleanup
0x00007ff74e6361d8 (Unity.DataStore) uds_wait_handle_complete
0x00007ff837077384 (KERNEL32) BaseThreadInitThunk
0x00007ff83831cc91 (ntdll) RtlUserThreadStart

[Error] Failed to free block of size 4477 - size delta was 43!
0x00007ff74e63ac75 (Unity.DataStore) uds_wait_handle_complete
0x00007ff74e5ff835 (Unity.DataStore) uds_cleanup
0x00007ff74e628578 (Unity.DataStore) uds_wait_handle_complete
0x00007ff74e61995b (Unity.DataStore) udebug_set_file_logging_level
0x00007ff74e601e4a (Unity.DataStore) uds_cleanup
0x00007ff74e5d25f4 (Unity.DataStore) 
0x00007ff74e5f207a (Unity.DataStore) uds_cleanup
0x00007ff74e6361d8 (Unity.DataStore) uds_wait_handle_complete
0x00007ff837077384 (KERNEL32) BaseThreadInitThunk
0x00007ff83831cc91 (ntdll) RtlUserThreadStart

[Error] Failed to free block of size 3851 - size delta was 45!
0x00007ff74e63ac75 (Unity.DataStore) uds_wait_handle_complete
0x00007ff74e5ff835 (Unity.DataStore) uds_cleanup
0x00007ff74e628578 (Unity.DataStore) uds_wait_handle_complete
0x00007ff74e61995b (Unity.DataStore) udebug_set_file_logging_level
0x00007ff74e601e4a (Unity.DataStore) uds_cleanup
0x00007ff74e5d25f4 (Unity.DataStore) 
0x00007ff74e5f207a (Unity.DataStore) uds_cleanup
0x00007ff74e6361d8 (Unity.DataStore) uds_wait_handle_complete
0x00007ff837077384 (KERNEL32) BaseThreadInitThunk
0x00007ff83831cc91 (ntdll) RtlUserThreadStart

[Error] Failed to free block of size 2741 - size delta was 43!
0x00007ff74e63ac75 (Unity.DataStore) uds_wait_handle_complete
0x00007ff74e5ff835 (Unity.DataStore) uds_cleanup
0x00007ff74e628578 (Unity.DataStore) uds_wait_handle_complete
0x00007ff74e61995b (Unity.DataStore) udebug_set_file_logging_level
0x00007ff74e601e4a (Unity.DataStore) uds_cleanup
0x00007ff74e5d25f4 (Unity.DataStore) 
0x00007ff74e5f207a (Unity.DataStore) uds_cleanup
0x00007ff74e6361d8 (Unity.DataStore) uds_wait_handle_complete
0x00007ff837077384 (KERNEL32) BaseThreadInitThunk
0x00007ff83831cc91 (ntdll) RtlUserThreadStart

Unity Data Store Application Complete
[Warning] Shutting down service while there are still connected clients, client count = 3
Shut down UDS service system complete
